1 gen_dmas\[0\].i_axi_dma_backend
2 gen_dmas\[0\].i_dma_axi_xbar
3 gen_dmas\[0\].i_axi_to_reqrsp
4 gen_dmas\[1\].i_axi_dma_backend
5 gen_dmas\[1\].i_dma_axi_xbar
6 gen_dmas\[1\].i_axi_to_reqrsp
7 gen_dmas\[2\].i_axi_dma_backend
8 gen_dmas\[2\].i_dma_axi_xbar
9 gen_dmas\[2\].i_axi_to_reqrsp
10 gen_dmas\[3\].i_axi_dma_backend
11 gen_dmas\[3\].i_dma_axi_xbar
12 gen_dmas\[3\].i_axi_to_reqrsp
13 gen_remote_interco\[1\].i_remote_interco
14 gen_tiles\[0\].i_tile
15 gen_tiles\[10\].i_tile
16 gen_tiles\[11\].i_tile
17 gen_tiles\[12\].i_tile
18 gen_tiles\[13\].i_tile
19 gen_tiles\[14\].i_tile
20 gen_tiles\[15\].i_tile
21 gen_tiles\[1\].i_tile
22 gen_tiles\[2\].i_tile
23 gen_tiles\[3\].i_tile
24 gen_tiles\[4\].i_tile
25 gen_tiles\[5\].i_tile
26 gen_tiles\[6\].i_tile
27 gen_tiles\[7\].i_tile
28 gen_tiles\[8\].i_tile
29 gen_tiles\[9\].i_tile
30 gen_remote_interco\[2\].i_remote_interco
31 gen_remote_interco\[3\].i_remote_interco
32 i_local_interco
33 i_axi_interco
34 gen_axi_group_cuts\[0\].i_axi_cut
35 i_dma_req_register
36 i_idma_distributed_midend
